{"filter":false,"title":"Table.test.js.snap","tooltip":"/frontend/src/components/Table/__snapshots__/Table.test.js.snap","undoManager":{"mark":-1,"position":-1,"stack":[]},"ace":{"folds":[],"scrolltop":0,"scrollleft":0,"selection":{"start":{"row":0,"column":0},"end":{"row":0,"column":0},"isBackwards":false},"options":{"guessTabSize":true,"useWrapMode":true,"wrapToView":true},"firstLineState":0},"timestamp":1541956741545,"hash":"0ad36379539dcabed179a69155040eeae40bda87"}