// Jest Snapshot v1, https://goo.gl/fbAQLP

exports[`NavigationItem render with exact 1`] = `
<li
  class="NavigationItem"
>
  <a
    aria-current="page"
    class="active"
    href="/"
  >
    Departments
  </a>
</li>
`;

exports[`NavigationItem render without exact 1`] = `
<li
  class="NavigationItem"
>
  <a
    aria-current="page"
    class="active"
    href="/"
  >
    Departments
  </a>
</li>
`;
